10
10
10
-9223372036854775808
-9223372036854775808
-9223372036854775808
